Traceback (most recent call last):
  File "/home/mesh-home/grainneukeln/main.py", line 136, in <module>
    sample_cut_tool.main(args.source_path, args.destination_path, commands, low_memory=args.low_memory)
  File "/home/mesh-home/grainneukeln/cutter/sample_cut_tool.py", line 695, in main
    filepath = input("Path to mp3 file to cut\n>>>>")
               ^^^^^^^^^^^^^^^^^^^^^^^^^^^^^^^^^^^^^^
EOFError: EOF when reading a line
Traceback (most recent call last):
  File "/home/mesh-home/grainneukeln/main.py", line 136, in <module>
    sample_cut_tool.main(args.source_path, args.destination_path, commands, low_memory=args.low_memory)
  File "/home/mesh-home/grainneukeln/cutter/sample_cut_tool.py", line 695, in main
    filepath = input("Path to mp3 file to cut\n>>>>")
               ^^^^^^^^^^^^^^^^^^^^^^^^^^^^^^^^^^^^^^
EOFError: EOF when reading a line
Traceback (most recent call last):
  File "/home/mesh-home/grainneukeln/main.py", line 136, in <module>
    sample_cut_tool.main(args.source_path, args.destination_path, commands, low_memory=args.low_memory)
  File "/home/mesh-home/grainneukeln/cutter/sample_cut_tool.py", line 695, in main
    filepath = input("Path to mp3 file to cut\n>>>>")
               ^^^^^^^^^^^^^^^^^^^^^^^^^^^^^^^^^^^^^^
EOFError: EOF when reading a line
Traceback (most recent call last):
  File "/home/mesh-home/grainneukeln/main.py", line 136, in <module>
    sample_cut_tool.main(args.source_path, args.destination_path, commands, low_memory=args.low_memory)
  File "/home/mesh-home/grainneukeln/cutter/sample_cut_tool.py", line 695, in main
    filepath = input("Path to mp3 file to cut\n>>>>")
               ^^^^^^^^^^^^^^^^^^^^^^^^^^^^^^^^^^^^^^
EOFError: EOF when reading a line
Traceback (most recent call last):
  File "/home/mesh-home/grainneukeln/main.py", line 136, in <module>
    sample_cut_tool.main(args.source_path, args.destination_path, commands, low_memory=args.low_memory)
  File "/home/mesh-home/grainneukeln/cutter/sample_cut_tool.py", line 695, in main
    filepath = input("Path to mp3 file to cut\n>>>>")
               ^^^^^^^^^^^^^^^^^^^^^^^^^^^^^^^^^^^^^^
EOFError: EOF when reading a line
Traceback (most recent call last):
  File "/home/mesh-home/grainneukeln/main.py", line 136, in <module>
    sample_cut_tool.main(args.source_path, args.destination_path, commands, low_memory=args.low_memory)
  File "/home/mesh-home/grainneukeln/cutter/sample_cut_tool.py", line 695, in main
    filepath = input("Path to mp3 file to cut\n>>>>")
               ^^^^^^^^^^^^^^^^^^^^^^^^^^^^^^^^^^^^^^
EOFError: EOF when reading a line
